Creating pytorch dataset at OUTPUT_DATA_PATH/SOME_UNIQUE_ID
Using AMASS body parameters from ./AMASS/
Preparing VPoser data for split vald
Found 0 sequences from HumanEva.
Found 0 sequences from MPI_HDM05.
Found 0 sequences from SFU.
Found 0 sequences from MPI_mosh.
Creating pytorch dataset at OUTPUT_DATA_PATH/SOME_UNIQUE_ID
Using AMASS body parameters from ./AMASS/CMU
Preparing VPoser data for split vald
Found 0 sequences from HumanEva.
Found 0 sequences from MPI_HDM05.
Found 0 sequences from SFU.
Found 0 sequences from MPI_mosh.
0 datapoints dumped for split vald. ds_meta_pklpath: OUTPUT_DATA_PATH/SOME_UNIQUE_ID/vald
Preparing VPoser data for split test
Found 0 sequences from Transitions_mocap.
Found 0 sequences from SSM_synced.
0 datapoints dumped for split test. ds_meta_pklpath: OUTPUT_DATA_PATH/SOME_UNIQUE_ID/test
Preparing VPoser data for split train
Found 0 sequences from BML.
Found 0 sequences from TCD_handMocap.
Found 0 sequences from TotalCapture.
Found 0 sequences from KIT.
Found 0 sequences from ACCAD.
Found 0 sequences from MPI_Limits.
Found 0 sequences from CMU.
Found 0 sequences from EKUT.
Found 0 sequences from Eyes_Japan_Dataset.
0 datapoints dumped for split train. ds_meta_pklpath: OUTPUT_DATA_PATH/SOME_UNIQUE_ID/train
Creating pytorch dataset at OUTPUT_DATA_PATH/SOME_UNIQUE_ID
Using AMASS body parameters from ./AMASS/CMU
Preparing VPoser data for split vald
Found 0 sequences from HumanEva.
Found 0 sequences from MPI_HDM05.
Found 0 sequences from SFU.
Found 0 sequences from MPI_mosh.
